2026-01-29 20:05:01,625 INFO o.a.j.u.JMeterUtils: Setting Locale to en_EN
2026-01-29 20:05:01,681 INFO o.a.j.JMeter: Loading user properties from: C:\tools\apache-jmeter-5.6.3\bin\user.properties
2026-01-29 20:05:01,682 INFO o.a.j.JMeter: Loading system properties from: C:\tools\apache-jmeter-5.6.3\bin\system.properties
2026-01-29 20:05:01,697 INFO o.a.j.JMeter: Copyright (c) 1998-2024 The Apache Software Foundation
2026-01-29 20:05:01,697 INFO o.a.j.JMeter: Version 5.6.3
2026-01-29 20:05:01,697 INFO o.a.j.JMeter: java.version=21.0.9
2026-01-29 20:05:01,697 INFO o.a.j.JMeter: java.vm.name=OpenJDK 64-Bit Server VM
2026-01-29 20:05:01,697 INFO o.a.j.JMeter: os.name=Windows 11
2026-01-29 20:05:01,697 INFO o.a.j.JMeter: os.arch=amd64
2026-01-29 20:05:01,697 INFO o.a.j.JMeter: os.version=10.0
2026-01-29 20:05:01,697 INFO o.a.j.JMeter: file.encoding=UTF-8
2026-01-29 20:05:01,697 INFO o.a.j.JMeter: java.awt.headless=true
2026-01-29 20:05:01,698 INFO o.a.j.JMeter: Max memory     =1073741824
2026-01-29 20:05:01,698 INFO o.a.j.JMeter: Available Processors =8
2026-01-29 20:05:01,727 INFO o.a.j.JMeter: Default Locale=English (EN)
2026-01-29 20:05:01,728 INFO o.a.j.JMeter: JMeter  Locale=English (EN)
2026-01-29 20:05:01,728 INFO o.a.j.JMeter: JMeterHome=C:\tools\apache-jmeter-5.6.3
2026-01-29 20:05:01,728 INFO o.a.j.JMeter: user.dir  =C:\Users\Gmp\OneDrive\Desktop\DMO\spring-petclinic-rest
2026-01-29 20:05:01,729 INFO o.a.j.JMeter: PWD       =C:\Users\Gmp\OneDrive\Desktop\DMO\spring-petclinic-rest
2026-01-29 20:05:01,805 INFO o.a.j.JMeter: IP: 10.10.0.144 Name: Admin FullName: 10.10.0.144
2026-01-29 20:05:01,834 ERROR o.a.j.JMeter: An error occurred: 
java.lang.IllegalArgumentException: Cannot write to 'C:\Users\Gmp\OneDrive\Desktop\DMO\spring-petclinic-rest\target\jmeter-report' as folder is not empty
	at org.apache.jorphan.util.JOrphanUtils.canSafelyWriteToFolder(JOrphanUtils.java:664) ~[jorphan.jar:5.6.3]
	at org.apache.jorphan.util.JOrphanUtils.canSafelyWriteToFolder(JOrphanUtils.java:620) ~[jorphan.jar:5.6.3]
	at org.apache.jmeter.JMeter.extractAndSetReportOutputFolder(JMeter.java:542) ~[ApacheJMeter_core.jar:5.6.3]
	at org.apache.jmeter.JMeter.start(JMeter.java:492) [ApacheJMeter_core.jar:5.6.3]
	at java.base/jdk.internal.reflect.DirectMethodHandleAccessor.invoke(DirectMethodHandleAccessor.java:103) ~[?:?]
	at java.base/java.lang.reflect.Method.invoke(Method.java:580) ~[?:?]
	at org.apache.jmeter.NewDriver.main(NewDriver.java:259) [ApacheJMeter.jar:5.6.3]
